  姝ｅ湪纭畾瑕佽繕鍘熺殑椤圭洰鈥?
  鎵€鏈夐」鐩潎鏄渶鏂扮殑锛屾棤娉曡繕鍘熴€?
  Match3.Core -> d:\GitWorkSpace\LiuJun\ThreeMatchTrea\src\Match3.Core\bin\Debug\netstandard2.1\Match3.Core.dll
C:\Program Files\dotnet\sdk\10.0.101\Sdks\Microsoft.NET.Sdk.StaticWebAssets\targets\Microsoft.NET.Sdk.StaticWebAssets.Compression.targets(254,5): error MSB4018: 鈥淎pplyCompressionNegotiation鈥濅换鍔℃剰澶栧け璐ャ€?[d:\GitWorkSpace\LiuJun\ThreeMatchTrea\src\Match3.Web\Match3.Web.Client\Match3.Web.Client.csproj]
C:\Program Files\dotnet\sdk\10.0.101\Sdks\Microsoft.NET.Sdk.StaticWebAssets\targets\Microsoft.NET.Sdk.StaticWebAssets.Compression.targets(254,5): error MSB4018: System.ArgumentException: An item with the same key has already been added. Key: d:\GitWorkSpace\LiuJun\ThreeMatchTrea\src\Match3.Web\Match3.Web.Client\obj\Debug\net10.0\compressed\oe2hx2e6vq-{0}-tswichycbp-tswichycbp.gz [d:\GitWorkSpace\LiuJun\ThreeMatchTrea\src\Match3.Web\Match3.Web.Client\Match3.Web.Client.csproj]
C:\Program Files\dotnet\sdk\10.0.101\Sdks\Microsoft.NET.Sdk.StaticWebAssets\targets\Microsoft.NET.Sdk.StaticWebAssets.Compression.targets(254,5): error MSB4018:    at System.Collections.Generic.Dictionary`2.Add(TKey key, TValue value) [d:\GitWorkSpace\LiuJun\ThreeMatchTrea\src\Match3.Web\Match3.Web.Client\Match3.Web.Client.csproj]
C:\Program Files\dotnet\sdk\10.0.101\Sdks\Microsoft.NET.Sdk.StaticWebAssets\targets\Microsoft.NET.Sdk.StaticWebAssets.Compression.targets(254,5): error MSB4018:    at Microsoft.AspNetCore.StaticWebAssets.Tasks.StaticWebAsset.ToAssetDictionary(ITaskItem[] candidateAssets, Boolean validate) [d:\GitWorkSpace\LiuJun\ThreeMatchTrea\src\Match3.Web\Match3.Web.Client\Match3.Web.Client.csproj]
C:\Program Files\dotnet\sdk\10.0.101\Sdks\Microsoft.NET.Sdk.StaticWebAssets\targets\Microsoft.NET.Sdk.StaticWebAssets.Compression.targets(254,5): error MSB4018:    at Microsoft.AspNetCore.StaticWebAssets.Tasks.ApplyCompressionNegotiation.Execute() [d:\GitWorkSpace\LiuJun\ThreeMatchTrea\src\Match3.Web\Match3.Web.Client\Match3.Web.Client.csproj]
C:\Program Files\dotnet\sdk\10.0.101\Sdks\Microsoft.NET.Sdk.StaticWebAssets\targets\Microsoft.NET.Sdk.StaticWebAssets.Compression.targets(254,5): error MSB4018:    at Microsoft.Build.BackEnd.TaskBuilder.ExecuteInstantiatedTask(TaskExecutionHost taskExecutionHost, TaskLoggingContext taskLoggingContext, TaskHost taskHost, ItemBucket bucket, TaskExecutionMode howToExecuteTask) [d:\GitWorkSpace\LiuJun\ThreeMatchTrea\src\Match3.Web\Match3.Web.Client\Match3.Web.Client.csproj]

鐢熸垚澶辫触銆?

C:\Program Files\dotnet\sdk\10.0.101\Sdks\Microsoft.NET.Sdk.StaticWebAssets\targets\Microsoft.NET.Sdk.StaticWebAssets.Compression.targets(254,5): error MSB4018: 鈥淎pplyCompressionNegotiation鈥濅换鍔℃剰澶栧け璐ャ€?[d:\GitWorkSpace\LiuJun\ThreeMatchTrea\src\Match3.Web\Match3.Web.Client\Match3.Web.Client.csproj]
C:\Program Files\dotnet\sdk\10.0.101\Sdks\Microsoft.NET.Sdk.StaticWebAssets\targets\Microsoft.NET.Sdk.StaticWebAssets.Compression.targets(254,5): error MSB4018: System.ArgumentException: An item with the same key has already been added. Key: d:\GitWorkSpace\LiuJun\ThreeMatchTrea\src\Match3.Web\Match3.Web.Client\obj\Debug\net10.0\compressed\oe2hx2e6vq-{0}-tswichycbp-tswichycbp.gz [d:\GitWorkSpace\LiuJun\ThreeMatchTrea\src\Match3.Web\Match3.Web.Client\Match3.Web.Client.csproj]
C:\Program Files\dotnet\sdk\10.0.101\Sdks\Microsoft.NET.Sdk.StaticWebAssets\targets\Microsoft.NET.Sdk.StaticWebAssets.Compression.targets(254,5): error MSB4018:    at System.Collections.Generic.Dictionary`2.Add(TKey key, TValue value) [d:\GitWorkSpace\LiuJun\ThreeMatchTrea\src\Match3.Web\Match3.Web.Client\Match3.Web.Client.csproj]
C:\Program Files\dotnet\sdk\10.0.101\Sdks\Microsoft.NET.Sdk.StaticWebAssets\targets\Microsoft.NET.Sdk.StaticWebAssets.Compression.targets(254,5): error MSB4018:    at Microsoft.AspNetCore.StaticWebAssets.Tasks.StaticWebAsset.ToAssetDictionary(ITaskItem[] candidateAssets, Boolean validate) [d:\GitWorkSpace\LiuJun\ThreeMatchTrea\src\Match3.Web\Match3.Web.Client\Match3.Web.Client.csproj]
C:\Program Files\dotnet\sdk\10.0.101\Sdks\Microsoft.NET.Sdk.StaticWebAssets\targets\Microsoft.NET.Sdk.StaticWebAssets.Compression.targets(254,5): error MSB4018:    at Microsoft.AspNetCore.StaticWebAssets.Tasks.ApplyCompressionNegotiation.Execute() [d:\GitWorkSpace\LiuJun\ThreeMatchTrea\src\Match3.Web\Match3.Web.Client\Match3.Web.Client.csproj]
C:\Program Files\dotnet\sdk\10.0.101\Sdks\Microsoft.NET.Sdk.StaticWebAssets\targets\Microsoft.NET.Sdk.StaticWebAssets.Compression.targets(254,5): error MSB4018:    at Microsoft.Build.BackEnd.TaskBuilder.ExecuteInstantiatedTask(TaskExecutionHost taskExecutionHost, TaskLoggingContext taskLoggingContext, TaskHost taskHost, ItemBucket bucket, TaskExecutionMode howToExecuteTask) [d:\GitWorkSpace\LiuJun\ThreeMatchTrea\src\Match3.Web\Match3.Web.Client\Match3.Web.Client.csproj]
    0 涓鍛?
    1 涓敊璇?

宸茬敤鏃堕棿 00:00:01.14
